6

1
2
3
1
true
true
2
5
2
8
7
8
2
6
true
false
1
0
0
7
false
world
?
-1 4 bar 3.14 1 0
:foo
bar
:foo
2 4
2 3
1 4
1 3
0
1
2
hello, world 10
4
true
true
false
true
true
0
0
0
1
0
1
true
7
8
8
7
foo
bar
3
4
1
2
3.14
-1
3.14
ten str
ten str
42
foo str
7
0.00159265
3
5
4
9
4
5
4
9
4
2
5
